 KPT            1  SPIN            1  KWEIGHT   0.33333333333333331     
     1   -22.635  2.00000
     2   -20.198  2.00000
     3   -18.926  2.00000
     4   -18.714  2.00000
     5   -18.295  2.00000
     6   -17.657  2.00000
     7   -17.279  2.00000
     8   -16.678  2.00000
     9   -16.507  2.00000
    10   -16.126  2.00000
    11   -15.931  2.00000
    12   -15.875  2.00000
    13   -15.727  2.00000
    14   -14.582  2.00000
    15   -14.458  2.00000
    16   -14.380  2.00000
    17   -13.390  2.00000
    18   -12.769  2.00000
    19   -12.574  2.00000
    20   -12.310  2.00000
    21   -12.032  2.00000
    22   -11.757  2.00000
    23   -11.531  2.00000
    24   -11.423  2.00000
    25   -10.366  2.00000
    26   -10.124  2.00000
    27    -9.850  2.00000
    28    -9.754  2.00000
    29    -9.599  2.00000
    30    -9.400  2.00000
    31    -9.314  2.00000
    32    -9.099  2.00000
    33    -9.020  2.00000
    34    -8.943  2.00000
    35    -8.710  2.00000
    36    -8.704  2.00000
    37    -8.580  2.00000
    38    -8.482  2.00000
    39    -8.396  2.00000
    40    -8.294  2.00000
    41    -8.140  2.00000
    42    -8.116  2.00000
    43    -8.020  2.00000
    44    -7.937  2.00000
    45    -7.826  2.00000
    46    -7.772  2.00000
    47    -7.637  2.00000
    48    -7.386  2.00000
    49    -7.165  2.00000
    50    -6.973  2.00000
    51    -6.904  2.00000
    52    -6.797  2.00000
    53    -6.663  2.00000
    54    -6.580  2.00000
    55    -6.486  2.00000
    56    -6.133  2.00000
    57    -6.038  2.00000
    58    -5.786  2.00000
    59    -5.765  2.00000
    60    -5.660  2.00000
    61    -5.579  2.00000
    62    -4.460  2.00000
    63    -4.211  2.00000
    64    -4.157  2.00000
    65    -4.010  2.00000
    66    -3.885  2.00000
    67    -1.994  1.46497
    68    -0.867  0.00001
    69    -0.679  0.00000
    70    -0.565  0.00000
    71    -0.433  0.00000
    72    -0.372  0.00000
    73    -0.248  0.00000
    74     1.614  0.00000
    75     2.260  0.00000
    76     3.641  0.00000
    77     4.123  0.00000
    78     4.936  0.00000
    79     6.217  0.00000
    80     7.378  0.00000
    81     8.299  0.00000
    82     9.701  0.00000
    83     9.927  0.00000
    84    10.154  0.00000
    85    10.457  0.00000
    86    10.781  0.00000
    87    11.135  0.00000
    88    11.160  0.00000
    89    11.395  0.00000
    90    11.919  0.00000
    91    12.121  0.00000
    92    12.859  0.00000
    93    12.999  0.00000
    94    13.807  0.00000
    95    14.503  0.00000
    96    14.954  0.00000
    97    15.732  0.00000
    98    16.169  0.00000
    99    16.642  0.00000
   100    17.281  0.00000
   101    17.413  0.00000
   102    18.620  0.00000
   103    18.904  0.00000
   104    19.571  0.00000
   105    20.255  0.00000
   106    20.503  0.00000
   107    20.739  0.00000
   108    20.923  0.00000
   109    21.022  0.00000
   110    21.347  0.00000
   111    21.825  0.00000
   112    22.711  0.00000
   113    23.092  0.00000
   114    23.777  0.00000
   115    24.114  0.00000
   116    24.711  0.00000
   117    24.987  0.00000
   118    25.790  0.00000
   119    26.765  0.00000
   120    27.683  0.00000
   121    29.704  0.00000
   122    30.663  0.00000
   123    31.114  0.00000
   124    31.557  0.00000
   125    31.622  0.00000
   126    33.401  0.00000

 KPT            2  SPIN            1  KWEIGHT   0.33333333333333331     
     1   -22.635  2.00000
     2   -20.198  2.00000
     3   -18.909  2.00000
     4   -18.760  2.00000
     5   -18.158  2.00000
     6   -17.909  2.00000
     7   -16.867  2.00000
     8   -16.811  2.00000
     9   -16.528  2.00000
    10   -16.423  2.00000
    11   -16.102  2.00000
    12   -15.773  2.00000
    13   -15.152  2.00000
    14   -14.934  2.00000
    15   -14.486  2.00000
    16   -14.453  2.00000
    17   -13.094  2.00000
    18   -12.961  2.00000
    19   -12.382  2.00000
    20   -12.207  2.00000
    21   -12.189  2.00000
    22   -11.935  2.00000
    23   -11.569  2.00000
    24   -11.415  2.00000
    25   -10.249  2.00000
    26   -10.078  2.00000
    27    -9.942  2.00000
    28    -9.717  2.00000
    29    -9.421  2.00000
    30    -9.399  2.00000
    31    -9.315  2.00000
    32    -9.106  2.00000
    33    -9.041  2.00000
    34    -8.916  2.00000
    35    -8.882  2.00000
    36    -8.735  2.00000
    37    -8.650  2.00000
    38    -8.540  2.00000
    39    -8.390  2.00000
    40    -8.339  2.00000
    41    -8.205  2.00000
    42    -8.053  2.00000
    43    -8.014  2.00000
    44    -7.867  2.00000
    45    -7.853  2.00000
    46    -7.728  2.00000
    47    -7.453  2.00000
    48    -7.362  2.00000
    49    -7.243  2.00000
    50    -7.105  2.00000
    51    -6.763  2.00000
    52    -6.684  2.00000
    53    -6.590  2.00000
    54    -6.542  2.00000
    55    -6.469  2.00000
    56    -6.448  2.00000
    57    -6.123  2.00000
    58    -6.034  2.00000
    59    -5.754  2.00000
    60    -5.580  2.00000
    61    -5.058  2.00000
    62    -4.761  2.00000
    63    -4.210  2.00000
    64    -4.159  2.00000
    65    -4.011  2.00000
    66    -3.885  2.00000
    67    -1.618  0.06756
    68    -1.330  0.00247
    69    -0.852  0.00001
    70    -0.678  0.00000
    71    -0.503  0.00000
    72    -0.283  0.00000
    73     0.608  0.00000
    74     0.858  0.00000
    75     2.963  0.00000
    76     3.076  0.00000
    77     4.324  0.00000
    78     4.897  0.00000
    79     6.215  0.00000
    80     7.400  0.00000
    81     8.290  0.00000
    82     9.583  0.00000
    83     9.975  0.00000
    84    10.169  0.00000
    85    10.597  0.00000
    86    10.672  0.00000
    87    11.136  0.00000
    88    11.254  0.00000
    89    11.355  0.00000
    90    11.830  0.00000
    91    12.178  0.00000
    92    12.869  0.00000
    93    12.999  0.00000
    94    13.745  0.00000
    95    14.512  0.00000
    96    15.044  0.00000
    97    15.603  0.00000
    98    16.417  0.00000
    99    16.479  0.00000
   100    17.158  0.00000
   101    17.523  0.00000
   102    18.669  0.00000
   103    18.800  0.00000
   104    19.593  0.00000
   105    20.242  0.00000
   106    20.500  0.00000
   107    20.772  0.00000
   108    20.969  0.00000
   109    21.035  0.00000
   110    21.666  0.00000
   111    21.825  0.00000
   112    21.979  0.00000
   113    23.503  0.00000
   114    23.860  0.00000
   115    24.038  0.00000
   116    24.652  0.00000
   117    25.030  0.00000
   118    25.692  0.00000
   119    26.969  0.00000
   120    27.515  0.00000
   121    29.737  0.00000
   122    30.665  0.00000
   123    31.115  0.00000
   124    31.537  0.00000
   125    31.635  0.00000
   126    33.399  0.00000

 KPT            3  SPIN            1  KWEIGHT   0.33333333333333331     
     1   -22.635  2.00000
     2   -20.198  2.00000
     3   -18.926  2.00000
     4   -18.714  2.00000
     5   -18.295  2.00000
     6   -17.657  2.00000
     7   -17.279  2.00000
     8   -16.678  2.00000
     9   -16.507  2.00000
    10   -16.126  2.00000
    11   -15.931  2.00000
    12   -15.875  2.00000
    13   -15.727  2.00000
    14   -14.582  2.00000
    15   -14.458  2.00000
    16   -14.380  2.00000
    17   -13.390  2.00000
    18   -12.769  2.00000
    19   -12.574  2.00000
    20   -12.310  2.00000
    21   -12.032  2.00000
    22   -11.757  2.00000
    23   -11.531  2.00000
    24   -11.423  2.00000
    25   -10.366  2.00000
    26   -10.124  2.00000
    27    -9.850  2.00000
    28    -9.754  2.00000
    29    -9.599  2.00000
    30    -9.400  2.00000
    31    -9.314  2.00000
    32    -9.099  2.00000
    33    -9.020  2.00000
    34    -8.943  2.00000
    35    -8.710  2.00000
    36    -8.704  2.00000
    37    -8.580  2.00000
    38    -8.482  2.00000
    39    -8.396  2.00000
    40    -8.294  2.00000
    41    -8.140  2.00000
    42    -8.116  2.00000
    43    -8.020  2.00000
    44    -7.937  2.00000
    45    -7.826  2.00000
    46    -7.772  2.00000
    47    -7.637  2.00000
    48    -7.386  2.00000
    49    -7.165  2.00000
    50    -6.973  2.00000
    51    -6.904  2.00000
    52    -6.797  2.00000
    53    -6.663  2.00000
    54    -6.580  2.00000
    55    -6.486  2.00000
    56    -6.133  2.00000
    57    -6.038  2.00000
    58    -5.786  2.00000
    59    -5.765  2.00000
    60    -5.660  2.00000
    61    -5.579  2.00000
    62    -4.460  2.00000
    63    -4.211  2.00000
    64    -4.157  2.00000
    65    -4.010  2.00000
    66    -3.885  2.00000
    67    -1.994  1.46497
    68    -0.867  0.00001
    69    -0.679  0.00000
    70    -0.565  0.00000
    71    -0.433  0.00000
    72    -0.372  0.00000
    73    -0.248  0.00000
    74     1.614  0.00000
    75     2.260  0.00000
    76     3.641  0.00000
    77     4.123  0.00000
    78     4.936  0.00000
    79     6.217  0.00000
    80     7.378  0.00000
    81     8.299  0.00000
    82     9.701  0.00000
    83     9.927  0.00000
    84    10.154  0.00000
    85    10.457  0.00000
    86    10.781  0.00000
    87    11.135  0.00000
    88    11.160  0.00000
    89    11.395  0.00000
    90    11.919  0.00000
    91    12.121  0.00000
    92    12.859  0.00000
    93    12.999  0.00000
    94    13.807  0.00000
    95    14.503  0.00000
    96    14.954  0.00000
    97    15.732  0.00000
    98    16.169  0.00000
    99    16.642  0.00000
   100    17.281  0.00000
   101    17.413  0.00000
   102    18.620  0.00000
   103    18.904  0.00000
   104    19.571  0.00000
   105    20.255  0.00000
   106    20.503  0.00000
   107    20.739  0.00000
   108    20.923  0.00000
   109    21.022  0.00000
   110    21.347  0.00000
   111    21.825  0.00000
   112    22.711  0.00000
   113    23.092  0.00000
   114    23.777  0.00000
   115    24.114  0.00000
   116    24.711  0.00000
   117    24.987  0.00000
   118    25.790  0.00000
   119    26.765  0.00000
   120    27.683  0.00000
   121    29.704  0.00000
   122    30.663  0.00000
   123    31.114  0.00000
   124    31.557  0.00000
   125    31.622  0.00000
   126    33.401  0.00000

