 Fermi distribution function

Calculation with static geometry


********************************************************************************
 iSCC Total electronic   Diff electronic      SCC error    
   14   -0.57601580E+02    0.10166445E-09    0.62475445E-06
********************************************************************************

 Total charge:    -1.00000000

 Atomic gross charges (e)
 Atom           Charge
    1      -0.11022900
    2      -0.03881832
    3      -0.09142515
    4      -0.09760358
    5      -0.04673625
    6      -0.18264349
    7      -0.08297561
    8      -0.00626596
    9      -0.11182027
   10      -0.11961154
   11       0.00741079
   12      -0.18733711
   13      -0.14710385
   14       0.00612919
   15      -0.00921457
   16      -0.11252032
   17      -0.11322602
   18      -0.00325184
   19       0.00471971
   20      -0.13661738
   21      -0.09954770
   22      -0.02799369
   23      -0.00082652
   24      -0.11296709
   25      -0.07523341
   26       0.08735626
   27       0.06296291
   28       0.06126061
   29       0.08170434
   30       0.06068334
   31       0.06484961
   32       0.06186453
   33       0.06093223
   34       0.06131178
   35       0.07176413
   36       0.06319936
   37       0.06149094
   38       0.06056834
   39       0.06385991
   40      -0.84968081
   41      -0.84966384
   42       1.67124532

Nr. of electrons (up):    133.00000000
Atom populations (up)
 Atom       Population
    1       4.11022900
    2       4.03881832
    3       4.09142515
    4       4.09760358
    5       4.04673625
    6       4.18264349
    7       4.08297561
    8       4.00626596
    9       4.11182027
   10       4.11961154
   11       3.99258921
   12       4.18733711
   13       4.14710385
   14       3.99387081
   15       4.00921457
   16       4.11252032
   17       4.11322602
   18       4.00325184
   19       3.99528029
   20       4.13661738
   21       4.09954770
   22       4.02799369
   23       4.00082652
   24       4.11296709
   25       4.07523341
   26       0.91264374
   27       0.93703709
   28       0.93873939
   29       0.91829566
   30       0.93931666
   31       0.93515039
   32       0.93813547
   33       0.93906777
   34       0.93868822
   35       0.92823587
   36       0.93680064
   37       0.93850906
   38       0.93943166
   39       0.93614009
   40       6.84968081
   41       6.84966384
   42       4.32875468

l-shell populations (up)
 Atom Sh.   l       Population
    1   1   0       1.22736123
    1   2   1       2.88286777
    2   1   0       1.17709249
    2   2   1       2.86172582
    3   1   0       1.22104026
    3   2   1       2.87038489
    4   1   0       1.21582269
    4   2   1       2.88178089
    5   1   0       1.17312927
    5   2   1       2.87360698
    6   1   0       1.22262440
    6   2   1       2.96001909
    7   1   0       1.21865422
    7   2   1       2.86432139
    8   1   0       1.18513663
    8   2   1       2.82112933
    9   1   0       1.21845188
    9   2   1       2.89336839
   10   1   0       1.22792180
   10   2   1       2.89168973
   11   1   0       1.18668889
   11   2   1       2.80590032
   12   1   0       1.22428301
   12   2   1       2.96305410
   13   1   0       1.22490379
   13   2   1       2.92220006
   14   1   0       1.18247751
   14   2   1       2.81139330
   15   1   0       1.16464822
   15   2   1       2.84456635
   16   1   0       1.22512570
   16   2   1       2.88739461
   17   1   0       1.21981342
   17   2   1       2.89341260
   18   1   0       1.16861806
   18   2   1       2.83463378
   19   1   0       1.18429139
   19   2   1       2.81098890
   20   1   0       1.22200642
   20   2   1       2.91461096
   21   1   0       1.21733522
   21   2   1       2.88221249
   22   1   0       1.19970594
   22   2   1       2.82828775
   23   1   0       1.19985512
   23   2   1       2.80097140
   24   1   0       1.23889658
   24   2   1       2.87407051
   25   1   0       1.21833294
   25   2   1       2.85690047
   26   1   0       0.91264374
   27   1   0       0.93703709
   28   1   0       0.93873939
   29   1   0       0.91829566
   30   1   0       0.93931666
   31   1   0       0.93515039
   32   1   0       0.93813547
   33   1   0       0.93906777
   34   1   0       0.93868822
   35   1   0       0.92823587
   36   1   0       0.93680064
   37   1   0       0.93850906
   38   1   0       0.93943166
   39   1   0       0.93614009
   40   1   0       1.82097465
   40   2   1       5.02870615
   41   1   0       1.82095986
   41   2   1       5.02870398
   42   1   0       1.42777915
   42   2   1       2.90097553

Orbital populations (up)
 Atom Sh.   l   m       Population  Label
    1   1   0   0       1.22736123  s
    1   2   1  -1       0.96867102  p_y
    1   2   1   0       0.92554971  p_z
    1   2   1   1       0.98864704  p_x
    2   1   0   0       1.17709249  s
    2   2   1  -1       0.96642402  p_y
    2   2   1   0       0.90018034  p_z
    2   2   1   1       0.99512146  p_x
    3   1   0   0       1.22104026  s
    3   2   1  -1       0.95528586  p_y
    3   2   1   0       0.92066632  p_z
    3   2   1   1       0.99443271  p_x
    4   1   0   0       1.21582269  s
    4   2   1  -1       0.96838538  p_y
    4   2   1   0       0.92364726  p_z
    4   2   1   1       0.98974824  p_x
    5   1   0   0       1.17312927  s
    5   2   1  -1       0.97376885  p_y
    5   2   1   0       0.89657253  p_z
    5   2   1   1       1.00326559  p_x
    6   1   0   0       1.22262440  s
    6   2   1  -1       1.00637813  p_y
    6   2   1   0       0.90642432  p_z
    6   2   1   1       1.04721663  p_x
    7   1   0   0       1.21865422  s
    7   2   1  -1       0.97033480  p_y
    7   2   1   0       0.90653976  p_z
    7   2   1   1       0.98744683  p_x
    8   1   0   0       1.18513663  s
    8   2   1  -1       0.95283555  p_y
    8   2   1   0       0.88760685  p_z
    8   2   1   1       0.98068693  p_x
    9   1   0   0       1.21845188  s
    9   2   1  -1       0.99531074  p_y
    9   2   1   0       0.92698945  p_z
    9   2   1   1       0.97106820  p_x
   10   1   0   0       1.22792180  s
   10   2   1  -1       0.99458968  p_y
   10   2   1   0       0.92718298  p_z
   10   2   1   1       0.96991707  p_x
   11   1   0   0       1.18668889  s
   11   2   1  -1       0.97591002  p_y
   11   2   1   0       0.88216038  p_z
   11   2   1   1       0.94782992  p_x
   12   1   0   0       1.22428301  s
   12   2   1  -1       1.00934611  p_y
   12   2   1   0       0.90979666  p_z
   12   2   1   1       1.04391133  p_x
   13   1   0   0       1.22490379  s
   13   2   1  -1       1.01425762  p_y
   13   2   1   0       0.92810805  p_z
   13   2   1   1       0.97983439  p_x
   14   1   0   0       1.18247751  s
   14   2   1  -1       0.96983068  p_y
   14   2   1   0       0.89035554  p_z
   14   2   1   1       0.95120708  p_x
   15   1   0   0       1.16464822  s
   15   2   1  -1       0.98358386  p_y
   15   2   1   0       0.90328664  p_z
   15   2   1   1       0.95769585  p_x
   16   1   0   0       1.22512570  s
   16   2   1  -1       0.99148220  p_y
   16   2   1   0       0.92423753  p_z
   16   2   1   1       0.97167488  p_x
   17   1   0   0       1.21981342  s
   17   2   1  -1       0.99694153  p_y
   17   2   1   0       0.92464814  p_z
   17   2   1   1       0.97182293  p_x
   18   1   0   0       1.16861806  s
   18   2   1  -1       0.97598364  p_y
   18   2   1   0       0.90282075  p_z
   18   2   1   1       0.95582939  p_x
   19   1   0   0       1.18429139  s
   19   2   1  -1       0.97004309  p_y
   19   2   1   0       0.88582253  p_z
   19   2   1   1       0.95512328  p_x
   20   1   0   0       1.22200642  s
   20   2   1  -1       1.00984919  p_y
   20   2   1   0       0.92727634  p_z
   20   2   1   1       0.97748543  p_x
   21   1   0   0       1.21733522  s
   21   2   1  -1       0.97076790  p_y
   21   2   1   0       0.92105164  p_z
   21   2   1   1       0.99039294  p_x
   22   1   0   0       1.19970594  s
   22   2   1  -1       0.95432939  p_y
   22   2   1   0       0.89848284  p_z
   22   2   1   1       0.97547551  p_x
   23   1   0   0       1.19985512  s
   23   2   1  -1       0.97633273  p_y
   23   2   1   0       0.88231754  p_z
   23   2   1   1       0.94232113  p_x
   24   1   0   0       1.23889658  s
   24   2   1  -1       0.94506076  p_y
   24   2   1   0       0.98001149  p_z
   24   2   1   1       0.94899826  p_x
   25   1   0   0       1.21833294  s
   25   2   1  -1       0.97789652  p_y
   25   2   1   0       0.90710893  p_z
   25   2   1   1       0.97189502  p_x
   26   1   0   0       0.91264374  s
   27   1   0   0       0.93703709  s
   28   1   0   0       0.93873939  s
   29   1   0   0       0.91829566  s
   30   1   0   0       0.93931666  s
   31   1   0   0       0.93515039  s
   32   1   0   0       0.93813547  s
   33   1   0   0       0.93906777  s
   34   1   0   0       0.93868822  s
   35   1   0   0       0.92823587  s
   36   1   0   0       0.93680064  s
   37   1   0   0       0.93850906  s
   38   1   0   0       0.93943166  s
   39   1   0   0       0.93614009  s
   40   1   0   0       1.82097465  s
   40   2   1  -1       1.22698006  p_y
   40   2   1   0       1.89876725  p_z
   40   2   1   1       1.90295884  p_x
   41   1   0   0       1.82095986  s
   41   2   1  -1       1.93651378  p_y
   41   2   1   0       1.89501329  p_z
   41   2   1   1       1.19717692  p_x
   42   1   0   0       1.42777915  s
   42   2   1  -1       0.92497452  p_y
   42   2   1   0       1.05411274  p_z
   42   2   1   1       0.92188827  p_x

Fermi level:                        -0.0700835494 H           -1.9071 eV
Band energy:                       -50.3822968464 H        -1370.9721 eV
TS:                                  0.0027845524 H            0.0758 eV
Band free energy (E-TS):           -50.3850813988 H        -1371.0478 eV
Extrapolated E(0K):                -50.3836891226 H        -1371.0099 eV
Input / Output electrons (q):    133.0000000000    133.0000000000

Energy H0:                         -57.7727619139 H        -1572.0768 eV
Energy SCC:                          0.1711821429 H            4.6581 eV
Total Electronic energy:           -57.6015797710 H        -1567.4187 eV
Repulsive energy:                    0.7106509984 H           19.3378 eV
Total energy:                      -56.8909287726 H        -1548.0809 eV
Extrapolated to 0:                 -56.8923210488 H        -1548.1188 eV
Total Mermin free energy:          -56.8937133250 H        -1548.1567 eV
Force related energy:              -56.8937133250 H        -1548.1567 eV

Non-constrained calculation

SCC converged

Warning: dipole moment is not defined absolutely!
Dipole moment:  -14.31316732  -14.44906987  -13.29925688 au
Dipole moment:  -36.38044544  -36.72587528  -33.80334195 Debye


